--------------------------------------------------------------------------------
Release 14.7 Trace  (nt64)
Copyright (c) 1995-2013 Xilinx, Inc.  All rights reserved.

C:\Xilinx\14.7\ISE_DS\ISE\bin\nt64\unwrapped\trce.exe -intstyle ise -v 3 -s 2
-n 3 -fastpaths -xml TopModuleC.twx TopModuleC.ncd -o TopModuleC.twr
TopModuleC.pcf -ucf ucf.ucf

Design file:              TopModuleC.ncd
Physical constraint file: TopModuleC.pcf
Device,package,speed:     xc6slx16,csg324,C,-2 (PRODUCTION 1.23 2013-10-13)
Report level:             verbose report

Environment Variable      Effect 
--------------------      ------ 
NONE                      No environment variables were set
--------------------------------------------------------------------------------

INFO:Timing:2698 - No timing constraints found, doing default enumeration.
INFO:Timing:3412 - To improve timing, see the Timing Closure User Guide (UG612).
INFO:Timing:2752 - To get complete path coverage, use the unconstrained paths 
   option. All paths that are not constrained will be reported in the 
   unconstrained paths section(s) of the report.
INFO:Timing:3339 - The clock-to-out numbers in this timing report are based on 
   a 50 Ohm transmission line loading model.  For the details of this model, 
   and for more information on accounting for different loading conditions, 
   please see the device datasheet.



Data Sheet report:
-----------------
All values displayed in nanoseconds (ns)

Setup/Hold to clock clock
------------+------------+------------+------------+------------+------------------+--------+
            |Max Setup to|  Process   |Max Hold to |  Process   |                  | Clock  |
Source      | clk (edge) |   Corner   | clk (edge) |   Corner   |Internal Clock(s) | Phase  |
------------+------------+------------+------------+------------+------------------+--------+
dump_mem    |    6.330(R)|      SLOW  |   -1.757(R)|      FAST  |clock_BUFGP       |   0.000|
reset       |    7.402(R)|      SLOW  |   -1.619(R)|      FAST  |clock_BUFGP       |   0.000|
------------+------------+------------+------------+------------+------------------+--------+

Clock clock to Pad
------------+-----------------+------------+-----------------+------------+------------------+--------+
            |Max (slowest) clk|  Process   |Min (fastest) clk|  Process   |                  | Clock  |
Destination |  (edge) to PAD  |   Corner   |  (edge) to PAD  |   Corner   |Internal Clock(s) | Phase  |
------------+-----------------+------------+-----------------+------------+------------------+--------+
a           |        16.297(R)|      SLOW  |         6.396(R)|      FAST  |clock_BUFGP       |   0.000|
b           |        15.913(R)|      SLOW  |         6.132(R)|      FAST  |clock_BUFGP       |   0.000|
c           |        16.549(R)|      SLOW  |         6.569(R)|      FAST  |clock_BUFGP       |   0.000|
d           |        16.750(R)|      SLOW  |         6.714(R)|      FAST  |clock_BUFGP       |   0.000|
e           |        16.480(R)|      SLOW  |         6.394(R)|      FAST  |clock_BUFGP       |   0.000|
f           |        16.623(R)|      SLOW  |         6.611(R)|      FAST  |clock_BUFGP       |   0.000|
g           |        16.568(R)|      SLOW  |         6.431(R)|      FAST  |clock_BUFGP       |   0.000|
------------+-----------------+------------+-----------------+------------+------------------+--------+

Clock to Setup on destination clock clock
---------------+---------+---------+---------+---------+
               | Src:Rise| Src:Fall| Src:Rise| Src:Fall|
Source Clock   |Dest:Rise|Dest:Rise|Dest:Fall|Dest:Fall|
---------------+---------+---------+---------+---------+
clock          |    8.764|         |         |         |
---------------+---------+---------+---------+---------+

Pad to Pad
---------------+---------------+---------+
Source Pad     |Destination Pad|  Delay  |
---------------+---------------+---------+
AD_sel         |a              |   15.460|
AD_sel         |b              |   15.076|
AD_sel         |c              |   15.712|
AD_sel         |d              |   15.913|
AD_sel         |e              |   15.643|
AD_sel         |f              |   15.786|
AD_sel         |g              |   15.731|
dump_mem       |a              |   17.185|
dump_mem       |b              |   16.629|
dump_mem       |c              |   17.414|
dump_mem       |d              |   17.638|
dump_mem       |e              |   17.039|
dump_mem       |f              |   17.488|
dump_mem       |g              |   17.127|
---------------+---------------+---------+


Analysis completed Tue Dec 06 19:25:57 2016 
--------------------------------------------------------------------------------

Trace Settings:
-------------------------
Trace Settings 

Peak Memory Usage: 265 MB



